2025-09-16T17:59:00+07:00 | INFO  | repo=coturn | pid=9956 | action=push
2025-10-07T12:16:00+07:00 | INFO  | repo=coturn | pid=9956 | action=push
2025-08-26T21:18:00+07:00 | DEBUG | repo=coturn | pid=9956 | action=commit
2025-12-27T19:35:00+07:00 | INFO  | repo=coturn | pid=9956 | action=push
2025-07-11T18:23:00+07:00 | WARN  | repo=coturn | pid=9956 | action=push
2025-12-22T07:25:00+07:00 | INFO  | repo=coturn | pid=9956 | action=commit
2025-02-15T20:35:00+07:00 | DEBUG | repo=coturn | pid=9956 | action=push
2025-10-04T14:07:00+07:00 | INFO  | repo=coturn | pid=9956 | action=push
2025-12-19T21:53:00+07:00 | INFO  | repo=coturn | pid=9956 | action=push
2025-08-11T07:35:00+07:00 | DEBUG | repo=coturn | pid=9956 | action=push
2025-06-04T07:48:00+07:00 | WARN  | repo=coturn | pid=9956 | action=pull | latency=58ms
2025-07-28T07:54:00+07:00 | WARN  | repo=coturn | pid=9956 | action=push
2025-05-26T16:32:00+07:00 | INFO  | repo=coturn | pid=9956 | action=pull | latency=54ms
2025-09-25T20:26:00+07:00 | INFO  | repo=coturn | pid=9956 | action=push
2025-07-24 12:29:00 | DEBUG | repo=coturn | action=commit
2025-06-14 21:29:00 | INFO | repo=coturn | action=pull
2025-10-03 08:49:00 | WARN | repo=coturn | action=pull
2025-01-21 21:29:00 | WARN | repo=coturn | action=test | passed=true
2025-06-19 13:06:00 | DEBUG | repo=coturn | action=pull
2025-03-16 10:15:00 | DEBUG | repo=coturn | action=pull
2025-05-19 13:17:00 | WARN | repo=coturn | action=commit
2025-09-15 11:16:00 | INFO | repo=coturn | action=commit
